Nothing to build in platform 'mb_intro_top'

14:54:19 **** Incremental Build of configuration Debug for project mb_blink ****
make all 
'Building file: ../src/mb_blink.c'
'Invoking: MicroBlaze gcc compiler'
mb-gcc -Wall -O0 -g3 -c -fmessage-length=0 -MT"src/mb_blink.o" -IC:/Users/kpari/385labs/lab6/61_workspace/mb_intro_top/export/mb_intro_top/sw/mb_intro_top/standalone_microblaze_0/bspinclude/include -mno-xl-reorder -mlittle-endian -mxl-barrel-shift -mxl-pattern-compare -mcpu=v11.0 -mno-xl-soft-mul -Wl,--no-relax -ffunction-sections -fdata-sections -MMD -MP -MF"src/mb_blink.d" -MT"src/mb_blink.o" -o "src/mb_blink.o" "../src/mb_blink.c"
../src/mb_blink.c: In function 'main':
../src/mb_blink.c:42:17: warning: this 'if' clause does not guard... [-Wmisleading-indentation]
   42 |                 if(!overflow && (*led_gpio_data & 0x11110000))printf("Overflow!\r\n");overflow = 1;
      |                 ^~
../src/mb_blink.c:42:87: note: ...this statement, but the latter is misleadingly indented as if it were guarded by the 'if'
   42 |                 if(!overflow && (*led_gpio_data & 0x11110000))printf("Overflow!\r\n");overflow = 1;
      |                                                                                       ^~~~~~~~
../src/mb_blink.c:43:17: warning: this 'if' clause does not guard... [-Wmisleading-indentation]
   43 |                 if(overflow && !(*led_gpio_data & 0x11110000))overflow = 0;*led_gpio_data &= 0x0000FFFF;
      |                 ^~
../src/mb_blink.c:43:76: note: ...this statement, but the latter is misleadingly indented as if it were guarded by the 'if'
   43 |                 if(overflow && !(*led_gpio_data & 0x11110000))overflow = 0;*led_gpio_data &= 0x0000FFFF;
      |                                                                            ^
'Finished building: ../src/mb_blink.c'
' '
'Building target: mb_blink.elf'
'Invoking: MicroBlaze gcc linker'
mb-gcc -Wl,-T -Wl,../src/lscript.ld -LC:/Users/kpari/385labs/lab6/61_workspace/mb_intro_top/export/mb_intro_top/sw/mb_intro_top/standalone_microblaze_0/bsplib/lib -mlittle-endian -mxl-barrel-shift -mxl-pattern-compare -mcpu=v11.0 -mno-xl-soft-mul -Wl,--no-relax -Wl,--gc-sections -o "mb_blink.elf"  ./src/mb_blink.o ./src/platform.o   -Wl,--start-group,-lxil,-lgcc,-lc,--end-group
'Finished building target: mb_blink.elf'
' '
'Invoking: MicroBlaze Print Size'
mb-size mb_blink.elf  |tee "mb_blink.elf.size"
   text	   data	    bss	    dec	    hex	filename
  16536	   1368	   3168	  21072	   5250	mb_blink.elf
'Finished building: mb_blink.elf.size'
' '
14:54:21 **** Incremental Build of configuration Debug for project mb_blink_system ****
make all 
Skipping SD card image generation. Reason: "The system project only has applications for microblaze processors."
